
> smartbuy-backend@0.1.0 build
> tsc -p tsconfig.build.json

